18:08:20 **** Auto Build of configuration Debug for project DAQ_Z30_FSBL ****
make pre-build main-build 
a9-linaro-pre-build-step
' '
'Building file: ../src/main.c'
'Invoking: ARM v7 gcc compiler'
arm-none-eabi-gcc -Wall -O0 -g3 -I"F:\MSI-Work\DAQ_Z30\DAQ_Z30.sdk\DAQ_Z30_Top_hw_platform_0" -c -fmessage-length=0 -MT"src/main.o" -mcpu=cortex-a9 -mfpu=vfpv3 -mfloat-abi=hard -I../../DAQ_Z30_FSBL_bsp/ps7_cortexa9_0/include -MMD -MP -MF"src/main.d" -MT"src/main.o" -o "src/main.o" "../src/main.c"
'Finished building: ../src/main.c'
' '
'Building target: DAQ_Z30_FSBL.elf'
'Invoking: ARM v7 gcc linker'
arm-none-eabi-gcc -mcpu=cortex-a9 -mfpu=vfpv3 -mfloat-abi=hard -Wl,-build-id=none -specs=Xilinx.spec -Wl,-T -Wl,../src/lscript.ld -L../../DAQ_Z30_FSBL_bsp/ps7_cortexa9_0/lib -o "DAQ_Z30_FSBL.elf"  ./src/fsbl_handoff.o ./src/fsbl_hooks.o ./src/image_mover.o ./src/main.o ./src/md5.o ./src/nand.o ./src/nor.o ./src/pcap.o ./src/ps7_init.o ./src/qspi.o ./src/rsa.o ./src/sd.o   -Wl,--start-group,-lxil,-lgcc,-lc,--end-group -Wl,--start-group,-lxilffs,-lxil,-lgcc,-lc,--end-group -Wl,--start-group,-lrsa,-lxil,-lgcc,-lc,--end-group
'Finished building target: DAQ_Z30_FSBL.elf'
' '
'Invoking: ARM v7 Print Size'
arm-none-eabi-size DAQ_Z30_FSBL.elf  |tee "DAQ_Z30_FSBL.elf.size"
   text	   data	    bss	    dec	    hex	filename
  86328	  10236	  74360	 170924	  29bac	DAQ_Z30_FSBL.elf
'Finished building: DAQ_Z30_FSBL.elf.size'
' '

18:08:25 Build Finished (took 5s.192ms)

